========= 2020-08-15 22:16:28.215887 ==========
Time used for ('bptlab', 'scylla', 13377331): 7.820059299468994

========= 2020-08-15 22:19:42.340949 ==========
Time used for ('bptlab', 'scylla', 13377331): 7.627840995788574

========= 2020-08-15 22:20:25.807833 ==========
Time used for ('bptlab', 'fcm2cpn', 4242): 2.63531231880188

========= 2020-08-15 22:29:50.797344 ==========
Time used for ('bptlab', 'fcm2cpn', 4242): 2.676227569580078

========= 2020-08-15 22:29:56.019764 ==========
Time used for ('bptlab', 'scylla', 13377331): 7.853075981140137

